{
    "mgnifam - stub": {
        "content": [
            {
                "0": [
                    [
                        {
                            "id": "test",
                            "chunk": "test"
                        },
                        "test.txt:md5,d41d8cd98f00b204e9800998ecf8427e"
                    ]
                ],
                "1": [
                    [
                        {
                            "id": "test",
                            "chunk": "test"
                        },
                        "test.txt:md5,d41d8cd98f00b204e9800998ecf8427e"
                    ]
                ],
                "10": [
                    [
                        {
                            "id": "test",
                            "chunk": "test"
                        },
                        "test.txt:md5,d41d8cd98f00b204e9800998ecf8427e"
                    ]
                ],
                "11": [
                    [
                        {
                            "id": "test",
                            "chunk": "test"
                        },
                        "test.txt:md5,d41d8cd98f00b204e9800998ecf8427e"
                    ]
                ],
                "12": [
                    "versions.yml:md5,11cfca8d5fbffbcb68a301a88b8ed9c5"
                ],
                "2": [
                    [
                        {
                            "id": "test",
                            "chunk": "test"
                        },
                        "test.txt:md5,d41d8cd98f00b204e9800998ecf8427e"
                    ]
                ],
                "3": [
                    [
                        {
                            "id": "test",
                            "chunk": "test"
                        },
                        "test.txt:md5,d41d8cd98f00b204e9800998ecf8427e"
                    ]
                ],
                "4": [
                    [
                        {
                            "id": "test",
                            "chunk": "test"
                        },
                        "test.txt:md5,d41d8cd98f00b204e9800998ecf8427e"
                    ]
                ],
                "5": [
                    [
                        {
                            "id": "test",
                            "chunk": "test"
                        },
                        "test.txt:md5,d41d8cd98f00b204e9800998ecf8427e"
                    ]
                ],
                "6": [
                    [
                        {
                            "id": "test",
                            "chunk": "test"
                        },
                        "test.txt:md5,d41d8cd98f00b204e9800998ecf8427e"
                    ]
                ],
                "7": [
                    [
                        {
                            "id": "test",
                            "chunk": "test"
                        },
                        "test.txt:md5,d41d8cd98f00b204e9800998ecf8427e"
                    ]
                ],
                "8": [
                    [
                        {
                            "id": "test",
                            "chunk": "test"
                        },
                        "test.txt:md5,d41d8cd98f00b204e9800998ecf8427e"
                    ]
                ],
                "9": [
                    [
                        {
                            "id": "test",
                            "chunk": "test"
                        },
                        "test.txt:md5,d41d8cd98f00b204e9800998ecf8427e"
                    ]
                ],
                "converged": [
                    [
                        {
                            "id": "test",
                            "chunk": "test"
                        },
                        "test.txt:md5,d41d8cd98f00b204e9800998ecf8427e"
                    ]
                ],
                "discarded": [
                    [
                        {
                            "id": "test",
                            "chunk": "test"
                        },
                        "test.txt:md5,d41d8cd98f00b204e9800998ecf8427e"
                    ]
                ],
                "domtblout": [
                    [
                        {
                            "id": "test",
                            "chunk": "test"
                        },
                        "test.txt:md5,d41d8cd98f00b204e9800998ecf8427e"
                    ]
                ],
                "fasta": [
                    [
                        {
                            "id": "test",
                            "chunk": "test"
                        },
                        "test.txt:md5,d41d8cd98f00b204e9800998ecf8427e"
                    ]
                ],
                "full_msa_sto": [
                    [
                        {
                            "id": "test",
                            "chunk": "test"
                        },
                        "test.txt:md5,d41d8cd98f00b204e9800998ecf8427e"
                    ]
                ],
                "hmm": [
                    [
                        {
                            "id": "test",
                            "chunk": "test"
                        },
                        "test.txt:md5,d41d8cd98f00b204e9800998ecf8427e"
                    ]
                ],
                "logs": [
                    [
                        {
                            "id": "test",
                            "chunk": "test"
                        },
                        "test.txt:md5,d41d8cd98f00b204e9800998ecf8427e"
                    ]
                ],
                "metadata": [
                    [
                        {
                            "id": "test",
                            "chunk": "test"
                        },
                        "test.txt:md5,d41d8cd98f00b204e9800998ecf8427e"
                    ]
                ],
                "rf": [
                    [
                        {
                            "id": "test",
                            "chunk": "test"
                        },
                        "test.txt:md5,d41d8cd98f00b204e9800998ecf8427e"
                    ]
                ],
                "seed_msa_sto": [
                    [
                        {
                            "id": "test",
                            "chunk": "test"
                        },
                        "test.txt:md5,d41d8cd98f00b204e9800998ecf8427e"
                    ]
                ],
                "successful": [
                    [
                        {
                            "id": "test",
                            "chunk": "test"
                        },
                        "test.txt:md5,d41d8cd98f00b204e9800998ecf8427e"
                    ]
                ],
                "tsv": [
                    [
                        {
                            "id": "test",
                            "chunk": "test"
                        },
                        "test.txt:md5,d41d8cd98f00b204e9800998ecf8427e"
                    ]
                ],
                "versions": [
                    "versions.yml:md5,11cfca8d5fbffbcb68a301a88b8ed9c5"
                ]
            }
        ],
        "meta": {
            "nf-test": "0.9.2",
            "nextflow": "24.10.6"
        },
        "timestamp": "2025-06-13T13:34:52.299110766"
    },
    "mgnifam": {
        "content": [
            [
                [
                    {
                        "id": "clustering",
                        "chunk": "test"
                    },
                    [
                        "test_1.sto:md5,9ccd40faf0ef889121c72abe77514cec",
                        "test_2.sto:md5,7253214a85e4c0f9c5d100f04131f6f2",
                        "test_3.sto:md5,59a2e9714d4cde0a62e40b4107b67976"
                    ]
                ]
            ],
            [
                [
                    {
                        "id": "clustering",
                        "chunk": "test"
                    },
                    [
                        "test_1.sto:md5,b919869e127e39b371f1d0509dea7034",
                        "test_2.sto:md5,54b5601cbc5690dfc462a55d836c57f3",
                        "test_3.sto:md5,be57159eb2d5a54ebd84c8b3ed8f62ec"
                    ]
                ]
            ],
            [
                [
                    {
                        "id": "clustering",
                        "chunk": "test"
                    },
                    [
                        "test_1.txt:md5,d443c6cd68c1fd967087df53f0d1a6ec",
                        "test_2.txt:md5,87d34de222811c59e8ad4914a716346f",
                        "test_3.txt:md5,20e937f71f075695d28f6a0bca88ae21"
                    ]
                ]
            ],
            [
                [
                    {
                        "id": "clustering",
                        "chunk": "test"
                    },
                    [
                        "test_1.domtblout:md5,703bf92e4791e25b31f7ae32e3038988",
                        "test_2.domtblout:md5,c2f87a73b62986da1a27e908eea46a7f",
                        "test_3.domtblout:md5,731cf3b7dd793cb3b3a7fb443e3394c5"
                    ]
                ]
            ],
            [
                [
                    {
                        "id": "clustering",
                        "chunk": "test"
                    },
                    "test.tsv:md5,b9f26918972953d171ce53ca4eb4a383"
                ]
            ],
            [
                [
                    {
                        "id": "clustering",
                        "chunk": "test"
                    },
                    "test.txt:md5,fecb9bcd7d54480c4134f38e7d18ed3f"
                ]
            ],
            [
                [
                    {
                        "id": "clustering",
                        "chunk": "test"
                    },
                    "test.txt:md5,26ab0db90d72e28ad0ba1e22ee510510"
                ]
            ],
            [
                [
                    {
                        "id": "clustering",
                        "chunk": "test"
                    },
                    "test.csv:md5,e1c0aa6cc331871e49cf21a6968b568e"
                ]
            ],
            [
                [
                    {
                        "id": "clustering",
                        "chunk": "test"
                    },
                    "test.fasta:md5,c49a022d323caa3ed2a6b39f1284fb46"
                ]
            ],
            [
                {
                    "GENERATE_FAMILIES": {
                        "python": "3.10.8",
                        "pandas": "2.0.2",
                        "pyfastx": "2.2.0",
                        "pyfamsa": "0.5.3.post1",
                        "pyhmmer": "0.11.0",
                        "pytrimal": "0.8.0",
                        "numpy": "1.26.4",
                        "biopython": 1.84
                    }
                }
            ]
        ],
        "meta": {
            "nf-test": "0.9.2",
            "nextflow": "24.10.6"
        },
        "timestamp": "2025-06-13T13:59:06.734602369"
    }
}