{
    "mgnifam - stub": {
        "content": [
            {
                "0": [
                    [
                        {
                            "id": "clustering",
                            "chunk": "test"
                        },
                        "test.txt:md5,d41d8cd98f00b204e9800998ecf8427e"
                    ]
                ],
                "1": [
                    [
                        {
                            "id": "clustering",
                            "chunk": "test"
                        },
                        "test.txt:md5,d41d8cd98f00b204e9800998ecf8427e"
                    ]
                ],
                "10": [
                    [
                        {
                            "id": "clustering",
                            "chunk": "test"
                        },
                        "test.txt:md5,d41d8cd98f00b204e9800998ecf8427e"
                    ]
                ],
                "11": [
                    "versions.yml:md5,57a15826dc5606e666123e004f7a4ad6"
                ],
                "2": [
                    [
                        {
                            "id": "clustering",
                            "chunk": "test"
                        },
                        "test.txt:md5,d41d8cd98f00b204e9800998ecf8427e"
                    ]
                ],
                "3": [
                    [
                        {
                            "id": "clustering",
                            "chunk": "test"
                        },
                        "test.txt:md5,d41d8cd98f00b204e9800998ecf8427e"
                    ]
                ],
                "4": [
                    [
                        {
                            "id": "clustering",
                            "chunk": "test"
                        },
                        "test.txt:md5,d41d8cd98f00b204e9800998ecf8427e"
                    ]
                ],
                "5": [
                    [
                        {
                            "id": "clustering",
                            "chunk": "test"
                        },
                        "test.txt:md5,d41d8cd98f00b204e9800998ecf8427e"
                    ]
                ],
                "6": [
                    [
                        {
                            "id": "clustering",
                            "chunk": "test"
                        },
                        "test.txt:md5,d41d8cd98f00b204e9800998ecf8427e"
                    ]
                ],
                "7": [
                    [
                        {
                            "id": "clustering",
                            "chunk": "test"
                        },
                        "test.txt:md5,d41d8cd98f00b204e9800998ecf8427e"
                    ]
                ],
                "8": [
                    [
                        {
                            "id": "clustering",
                            "chunk": "test"
                        },
                        "test.txt:md5,d41d8cd98f00b204e9800998ecf8427e"
                    ]
                ],
                "9": [
                    [
                        {
                            "id": "clustering",
                            "chunk": "test"
                        },
                        "test.txt:md5,d41d8cd98f00b204e9800998ecf8427e"
                    ]
                ],
                "converged": [
                    [
                        {
                            "id": "clustering",
                            "chunk": "test"
                        },
                        "test.txt:md5,d41d8cd98f00b204e9800998ecf8427e"
                    ]
                ],
                "discarded": [
                    [
                        {
                            "id": "clustering",
                            "chunk": "test"
                        },
                        "test.txt:md5,d41d8cd98f00b204e9800998ecf8427e"
                    ]
                ],
                "fasta": [
                    [
                        {
                            "id": "clustering",
                            "chunk": "test"
                        },
                        "test.txt:md5,d41d8cd98f00b204e9800998ecf8427e"
                    ]
                ],
                "full_msa_sto": [
                    [
                        {
                            "id": "clustering",
                            "chunk": "test"
                        },
                        "test.txt:md5,d41d8cd98f00b204e9800998ecf8427e"
                    ]
                ],
                "hmm": [
                    [
                        {
                            "id": "clustering",
                            "chunk": "test"
                        },
                        "test.txt:md5,d41d8cd98f00b204e9800998ecf8427e"
                    ]
                ],
                "logs": [
                    [
                        {
                            "id": "clustering",
                            "chunk": "test"
                        },
                        "test.txt:md5,d41d8cd98f00b204e9800998ecf8427e"
                    ]
                ],
                "metadata": [
                    [
                        {
                            "id": "clustering",
                            "chunk": "test"
                        },
                        "test.txt:md5,d41d8cd98f00b204e9800998ecf8427e"
                    ]
                ],
                "rf": [
                    [
                        {
                            "id": "clustering",
                            "chunk": "test"
                        },
                        "test.txt:md5,d41d8cd98f00b204e9800998ecf8427e"
                    ]
                ],
                "seed_msa_sto": [
                    [
                        {
                            "id": "clustering",
                            "chunk": "test"
                        },
                        "test.txt:md5,d41d8cd98f00b204e9800998ecf8427e"
                    ]
                ],
                "successful": [
                    [
                        {
                            "id": "clustering",
                            "chunk": "test"
                        },
                        "test.txt:md5,d41d8cd98f00b204e9800998ecf8427e"
                    ]
                ],
                "tsv": [
                    [
                        {
                            "id": "clustering",
                            "chunk": "test"
                        },
                        "test.txt:md5,d41d8cd98f00b204e9800998ecf8427e"
                    ]
                ],
                "versions": [
                    "versions.yml:md5,57a15826dc5606e666123e004f7a4ad6"
                ]
            }
        ],
        "meta": {
            "nf-test": "0.9.2",
            "nextflow": "25.04.4"
        },
        "timestamp": "2025-06-23T12:22:17.478230787"
    },
    "mgnifam": {
        "content": [
            [
                [
                    {
                        "id": "clustering",
                        "chunk": "test"
                    },
                    [
                        "test_1.sto:md5,e9879383e352b3a598689381bf718fbe",
                        "test_2.sto:md5,62f820c2af7b62794d0863de5e8fc724",
                        "test_3.sto:md5,22cf1a0e10bdb682fe136ffc8f18f6bc"
                    ]
                ]
            ],
            [
                [
                    {
                        "id": "clustering",
                        "chunk": "test"
                    },
                    [
                        "test_1.sto:md5,d5dc02beda0afc8bc491aad7b7905b6d",
                        "test_2.sto:md5,ba62aa128345bd62ca0770fe39eb031b",
                        "test_3.sto:md5,28c6cc5a4a026b23af32322939738383"
                    ]
                ]
            ],
            [
                [
                    {
                        "id": "clustering",
                        "chunk": "test"
                    },
                    [
                        "test_1.txt:md5,d443c6cd68c1fd967087df53f0d1a6ec",
                        "test_2.txt:md5,87d34de222811c59e8ad4914a716346f",
                        "test_3.txt:md5,be417c27c7b151f8ca034b2e591bc598"
                    ]
                ]
            ],
            [
                [
                    {
                        "id": "clustering",
                        "chunk": "test"
                    },
                    "test.tsv:md5,4e41d98f39d57cdba28ce81e452c107b"
                ]
            ],
            [
                [
                    {
                        "id": "clustering",
                        "chunk": "test"
                    },
                    "test.txt:md5,fecb9bcd7d54480c4134f38e7d18ed3f"
                ]
            ],
            [
                [
                    {
                        "id": "clustering",
                        "chunk": "test"
                    },
                    "test.txt:md5,26ab0db90d72e28ad0ba1e22ee510510"
                ]
            ],
            [
                [
                    {
                        "id": "clustering",
                        "chunk": "test"
                    },
                    "test.csv:md5,24b5965c6f842debf27e59ef6966e274"
                ]
            ],
            [
                [
                    {
                        "id": "clustering",
                        "chunk": "test"
                    },
                    "test.fasta:md5,c49a022d323caa3ed2a6b39f1284fb46"
                ]
            ],
            [
                {
                    "GENERATE_FAMILIES": {
                        "python": "3.13.5",
                        "pandas": "2.3.0",
                        "pyfamsa": "0.5.3.post1",
                        "pyhmmer": "0.11.1",
                        "pytrimal": "0.8.1",
                        "numpy": "2.3.0",
                        "biopython": 1.85
                    }
                }
            ]
        ],
        "meta": {
            "nf-test": "0.9.2",
            "nextflow": "25.04.6"
        },
        "timestamp": "2025-07-22T15:26:40.706514413"
    },
    "mgnifam - long (>200aa)": {
        "content": [
            [
                [
                    {
                        "id": "cluster_long",
                        "chunk": "test"
                    },
                    "test_1.sto:md5,b3bab4ba8c273651cc062c1b8b1941fb"
                ]
            ],
            [
                [
                    {
                        "id": "cluster_long",
                        "chunk": "test"
                    },
                    "test_1.sto:md5,6cb96a15d7d8e18955d7409aa60f1fa6"
                ]
            ],
            [
                [
                    {
                        "id": "cluster_long",
                        "chunk": "test"
                    },
                    "test_1.txt:md5,1de9d5ab9537b080ccea7fe0e30dfd38"
                ]
            ],
            [
                [
                    {
                        "id": "cluster_long",
                        "chunk": "test"
                    },
                    "test.tsv:md5,a7045fb7b68bb432fd0a430480e24880"
                ]
            ],
            [
                [
                    {
                        "id": "cluster_long",
                        "chunk": "test"
                    },
                    "test.txt:md5,48edcb49e52eadb29ce70076f6d5aa30"
                ]
            ],
            [
                [
                    {
                        "id": "cluster_long",
                        "chunk": "test"
                    },
                    "test.txt:md5,b026324c6904b2a9cb4b88d6d61c81d1"
                ]
            ],
            [
                [
                    {
                        "id": "cluster_long",
                        "chunk": "test"
                    },
                    "test.csv:md5,3dceb360841bdd86a5825d33591fa365"
                ]
            ],
            [
                [
                    {
                        "id": "cluster_long",
                        "chunk": "test"
                    },
                    "test.fasta:md5,03aae1592c190b70c76c4d708a5dbd3a"
                ]
            ],
            [
                {
                    "GENERATE_FAMILIES": {
                        "python": "3.13.5",
                        "pandas": "2.3.0",
                        "pyfamsa": "0.5.3.post1",
                        "pyhmmer": "0.11.1",
                        "pytrimal": "0.8.1",
                        "numpy": "2.3.0",
                        "biopython": 1.85
                    }
                }
            ]
        ],
        "meta": {
            "nf-test": "0.9.2",
            "nextflow": "25.04.6"
        },
        "timestamp": "2025-07-22T15:26:48.893851833"
    }
}