{
    "mgnifam - stub": {
        "content": [
            {
                "0": [
                    [
                        {
                            "id": "clustering",
                            "chunk": "test"
                        },
                        "test.txt:md5,d41d8cd98f00b204e9800998ecf8427e"
                    ]
                ],
                "1": [
                    [
                        {
                            "id": "clustering",
                            "chunk": "test"
                        },
                        "test.txt:md5,d41d8cd98f00b204e9800998ecf8427e"
                    ]
                ],
                "10": [
                    [
                        {
                            "id": "clustering",
                            "chunk": "test"
                        },
                        "test.txt:md5,d41d8cd98f00b204e9800998ecf8427e"
                    ]
                ],
                "11": [
                    "versions.yml:md5,57a15826dc5606e666123e004f7a4ad6"
                ],
                "2": [
                    [
                        {
                            "id": "clustering",
                            "chunk": "test"
                        },
                        "test.txt:md5,d41d8cd98f00b204e9800998ecf8427e"
                    ]
                ],
                "3": [
                    [
                        {
                            "id": "clustering",
                            "chunk": "test"
                        },
                        "test.txt:md5,d41d8cd98f00b204e9800998ecf8427e"
                    ]
                ],
                "4": [
                    [
                        {
                            "id": "clustering",
                            "chunk": "test"
                        },
                        "test.txt:md5,d41d8cd98f00b204e9800998ecf8427e"
                    ]
                ],
                "5": [
                    [
                        {
                            "id": "clustering",
                            "chunk": "test"
                        },
                        "test.txt:md5,d41d8cd98f00b204e9800998ecf8427e"
                    ]
                ],
                "6": [
                    [
                        {
                            "id": "clustering",
                            "chunk": "test"
                        },
                        "test.txt:md5,d41d8cd98f00b204e9800998ecf8427e"
                    ]
                ],
                "7": [
                    [
                        {
                            "id": "clustering",
                            "chunk": "test"
                        },
                        "test.txt:md5,d41d8cd98f00b204e9800998ecf8427e"
                    ]
                ],
                "8": [
                    [
                        {
                            "id": "clustering",
                            "chunk": "test"
                        },
                        "test.txt:md5,d41d8cd98f00b204e9800998ecf8427e"
                    ]
                ],
                "9": [
                    [
                        {
                            "id": "clustering",
                            "chunk": "test"
                        },
                        "test.txt:md5,d41d8cd98f00b204e9800998ecf8427e"
                    ]
                ],
                "converged": [
                    [
                        {
                            "id": "clustering",
                            "chunk": "test"
                        },
                        "test.txt:md5,d41d8cd98f00b204e9800998ecf8427e"
                    ]
                ],
                "discarded": [
                    [
                        {
                            "id": "clustering",
                            "chunk": "test"
                        },
                        "test.txt:md5,d41d8cd98f00b204e9800998ecf8427e"
                    ]
                ],
                "fasta": [
                    [
                        {
                            "id": "clustering",
                            "chunk": "test"
                        },
                        "test.txt:md5,d41d8cd98f00b204e9800998ecf8427e"
                    ]
                ],
                "full_msa_sto": [
                    [
                        {
                            "id": "clustering",
                            "chunk": "test"
                        },
                        "test.txt:md5,d41d8cd98f00b204e9800998ecf8427e"
                    ]
                ],
                "hmm": [
                    [
                        {
                            "id": "clustering",
                            "chunk": "test"
                        },
                        "test.txt:md5,d41d8cd98f00b204e9800998ecf8427e"
                    ]
                ],
                "logs": [
                    [
                        {
                            "id": "clustering",
                            "chunk": "test"
                        },
                        "test.txt:md5,d41d8cd98f00b204e9800998ecf8427e"
                    ]
                ],
                "metadata": [
                    [
                        {
                            "id": "clustering",
                            "chunk": "test"
                        },
                        "test.txt:md5,d41d8cd98f00b204e9800998ecf8427e"
                    ]
                ],
                "rf": [
                    [
                        {
                            "id": "clustering",
                            "chunk": "test"
                        },
                        "test.txt:md5,d41d8cd98f00b204e9800998ecf8427e"
                    ]
                ],
                "seed_msa_sto": [
                    [
                        {
                            "id": "clustering",
                            "chunk": "test"
                        },
                        "test.txt:md5,d41d8cd98f00b204e9800998ecf8427e"
                    ]
                ],
                "successful": [
                    [
                        {
                            "id": "clustering",
                            "chunk": "test"
                        },
                        "test.txt:md5,d41d8cd98f00b204e9800998ecf8427e"
                    ]
                ],
                "tsv": [
                    [
                        {
                            "id": "clustering",
                            "chunk": "test"
                        },
                        "test.txt:md5,d41d8cd98f00b204e9800998ecf8427e"
                    ]
                ],
                "versions": [
                    "versions.yml:md5,57a15826dc5606e666123e004f7a4ad6"
                ]
            }
        ],
        "meta": {
            "nf-test": "0.9.2",
            "nextflow": "25.04.4"
        },
        "timestamp": "2025-06-20T14:14:44.314538588"
    },
    "mgnifam": {
        "content": [
            [
                [
                    {
                        "id": "clustering",
                        "chunk": "test"
                    },
                    [
                        "test_1.sto:md5,b24f8d49a3743045c941265962865c6e",
                        "test_2.sto:md5,7ee7777ee660d37908fdee703be9f7ea",
                        "test_3.sto:md5,bbee9af91b1a433815cb18780f9e9a81"
                    ]
                ]
            ],
            [
                [
                    {
                        "id": "clustering",
                        "chunk": "test"
                    },
                    [
                        "test_1.sto:md5,e9879383e352b3a598689381bf718fbe",
                        "test_2.sto:md5,9e8ce1fe9391726423d1f3688555d91a",
                        "test_3.sto:md5,20156d5702170552f528f315081b205a"
                    ]
                ]
            ],
            [
                [
                    {
                        "id": "clustering",
                        "chunk": "test"
                    },
                    [
                        "test_1.txt:md5,d443c6cd68c1fd967087df53f0d1a6ec",
                        "test_2.txt:md5,87d34de222811c59e8ad4914a716346f",
                        "test_3.txt:md5,be417c27c7b151f8ca034b2e591bc598"
                    ]
                ]
            ],
            [
                [
                    {
                        "id": "clustering",
                        "chunk": "test"
                    },
                    "test.tsv:md5,8d7af6e69c7c75fc95c24247ce971842"
                ]
            ],
            [
                [
                    {
                        "id": "clustering",
                        "chunk": "test"
                    },
                    "test.txt:md5,fecb9bcd7d54480c4134f38e7d18ed3f"
                ]
            ],
            [
                [
                    {
                        "id": "clustering",
                        "chunk": "test"
                    },
                    "test.txt:md5,26ab0db90d72e28ad0ba1e22ee510510"
                ]
            ],
            [
                [
                    {
                        "id": "clustering",
                        "chunk": "test"
                    },
                    "test.csv:md5,16013a886e29aaf986f6e97123208dae"
                ]
            ],
            [
                [
                    {
                        "id": "clustering",
                        "chunk": "test"
                    },
                    "test.fasta:md5,e17ebd6d43d594b418a170e021168b22"
                ]
            ],
            [
                {
                    "GENERATE_FAMILIES": {
                        "python": "3.13.5",
                        "pandas": "2.3.0",
                        "pyfamsa": "0.5.3.post1",
                        "pyhmmer": "0.11.1",
                        "pytrimal": "0.8.1",
                        "numpy": "2.3.0",
                        "biopython": 1.85
                    }
                }
            ]
        ],
        "meta": {
            "nf-test": "0.9.2",
            "nextflow": "25.04.4"
        },
        "timestamp": "2025-06-20T14:14:31.212263205"
    },
    "mgnifam - long (>200aa)": {
        "content": [
            [
                [
                    {
                        "id": "cluster_long",
                        "chunk": "test"
                    },
                    "test_1.sto:md5,669ec481a8027426c823c1d98ca755f1"
                ]
            ],
            [
                [
                    {
                        "id": "cluster_long",
                        "chunk": "test"
                    },
                    "test_1.sto:md5,17f686c3c624134cb5126a47f8e48e5b"
                ]
            ],
            [
                [
                    {
                        "id": "cluster_long",
                        "chunk": "test"
                    },
                    "test_1.txt:md5,1de9d5ab9537b080ccea7fe0e30dfd38"
                ]
            ],
            [
                [
                    {
                        "id": "cluster_long",
                        "chunk": "test"
                    },
                    "test.tsv:md5,aed7cf2822e0f096a1c052527b5b4693"
                ]
            ],
            [
                [
                    {
                        "id": "cluster_long",
                        "chunk": "test"
                    },
                    "test.txt:md5,48edcb49e52eadb29ce70076f6d5aa30"
                ]
            ],
            [
                [
                    {
                        "id": "cluster_long",
                        "chunk": "test"
                    },
                    "test.txt:md5,b026324c6904b2a9cb4b88d6d61c81d1"
                ]
            ],
            [
                [
                    {
                        "id": "cluster_long",
                        "chunk": "test"
                    },
                    "test.csv:md5,c9070b5ebc36f00ea8ead0f11181d340"
                ]
            ],
            [
                [
                    {
                        "id": "cluster_long",
                        "chunk": "test"
                    },
                    "test.fasta:md5,c3e0c76d0e3a93f455f95820532728a9"
                ]
            ],
            [
                {
                    "GENERATE_FAMILIES": {
                        "python": "3.13.5",
                        "pandas": "2.3.0",
                        "pyfamsa": "0.5.3.post1",
                        "pyhmmer": "0.11.1",
                        "pytrimal": "0.8.1",
                        "numpy": "2.3.0",
                        "biopython": 1.85
                    }
                }
            ]
        ],
        "meta": {
            "nf-test": "0.9.2",
            "nextflow": "25.04.4"
        },
        "timestamp": "2025-06-20T14:14:39.186593335"
    }
}