{
    "sequence_explorer_protein - csv": {
        "content": [
            {
                "0": [
                    [
                        {
                            "id": "test"
                        },
                        "test.fa:md5,856212330791d51c4d585d0075c422b5"
                    ]
                ],
                "1": [
                    "versions.yml:md5,f1294cd766c5be4cdd4ff8911859573d"
                ],
                "fa": [
                    [
                        {
                            "id": "test"
                        },
                        "test.fa:md5,856212330791d51c4d585d0075c422b5"
                    ]
                ],
                "versions": [
                    "versions.yml:md5,f1294cd766c5be4cdd4ff8911859573d"
                ]
            }
        ],
        "meta": {
            "nf-test": "0.9.2",
            "nextflow": "24.10.4"
        },
        "timestamp": "2025-02-20T08:24:35.061440003"
    },
    "sequence_explorer_protein - csv - stub": {
        "content": [
            {
                "0": [
                    [
                        {
                            "id": "test"
                        },
                        "test.fa:md5,d41d8cd98f00b204e9800998ecf8427e"
                    ]
                ],
                "1": [
                    "versions.yml:md5,f1294cd766c5be4cdd4ff8911859573d"
                ],
                "fa": [
                    [
                        {
                            "id": "test"
                        },
                        "test.fa:md5,d41d8cd98f00b204e9800998ecf8427e"
                    ]
                ],
                "versions": [
                    "versions.yml:md5,f1294cd766c5be4cdd4ff8911859573d"
                ]
            }
        ],
        "meta": {
            "nf-test": "0.9.2",
            "nextflow": "24.10.4"
        },
        "timestamp": "2025-02-20T08:24:39.151323684"
    }
}