{
    "sequence_explorer_protein - csv": {
        "content": [
            {
                "0": [
                    [
                        {
                            "id": "test"
                        },
                        "test.fa:md5,32aaa7e3ff941b773fd9703bb01b1bb7"
                    ]
                ],
                "1": [
                    "versions.yml:md5,6cdb75a9f4459848a530c58cc3ff9ee3"
                ],
                "fa": [
                    [
                        {
                            "id": "test"
                        },
                        "test.fa:md5,32aaa7e3ff941b773fd9703bb01b1bb7"
                    ]
                ],
                "versions": [
                    "versions.yml:md5,6cdb75a9f4459848a530c58cc3ff9ee3"
                ]
            }
        ],
        "meta": {
            "nf-test": "0.9.2",
            "nextflow": "24.10.4"
        },
        "timestamp": "2025-02-20T11:47:37.891485715"
    },
    "sequence_explorer_protein - csv - stub": {
        "content": [
            {
                "0": [
                    [
                        {
                            "id": "test"
                        },
                        "test.fa:md5,d41d8cd98f00b204e9800998ecf8427e"
                    ]
                ],
                "1": [
                    "versions.yml:md5,6cdb75a9f4459848a530c58cc3ff9ee3"
                ],
                "fa": [
                    [
                        {
                            "id": "test"
                        },
                        "test.fa:md5,d41d8cd98f00b204e9800998ecf8427e"
                    ]
                ],
                "versions": [
                    "versions.yml:md5,6cdb75a9f4459848a530c58cc3ff9ee3"
                ]
            }
        ],
        "meta": {
            "nf-test": "0.9.2",
            "nextflow": "24.10.4"
        },
        "timestamp": "2025-02-20T11:47:42.653471947"
    }
}