{
    "fasta": {
        "content": [
            [
                [
                    {
                        "id": "test"
                    },
                    "test_stats_mqc.csv:md5,d0af014bc10d28c1ead79c11ab26e14a"
                ]
            ],
            [
                {
                    "CHECK_QUALITY:SEQKIT_STATS_TO_MQC": {
                        "sed": 4.7
                    }
                }
            ]
        ],
        "timestamp": "2026-09-30T15:32:26.979878644",
        "meta": {
            "nf-test": "0.9.5",
            "nextflow": "26.04.6"
        }
    }
}